Copyright 1986-2022 Xilinx, Inc. All Rights Reserved. Copyright 2022-2025 Advanced Micro Devices, Inc. All Rights Reserved.
-------------------------------------------------------------------------------------------------------------------------------------------------------------------------------------------
| Tool Version     : Vivado v.2025.2 (lin64) Build 6299465 Fri Nov 14 12:34:56 MST 2025
| Date             : Tue Sep 29 10:31:18 2026
| Host             : localhost.localdomain running 64-bit Red Hat Enterprise Linux release 8.10 (Ootpa)
| Command          : report_power -hier all -hierarchical_depth 10 -file /home/kshan/rvx_etri/platform_repo/starc_vera1/imp_genesys2-eb_2026-09-29/imp_result/route_power_hier.rpt
| Design           : STARC_VERA1_FPGA
| Device           : xc7k325tffg900-2
| Design State     : routed
| Grade            : commercial
| Process          : typical
| Characterization : Production
-------------------------------------------------------------------------------------------------------------------------------------------------------------------------------------------

Power Report

Table of Contents
-----------------
1. Summary
1.1 On-Chip Components
1.2 Power Supply Summary
1.3 Confidence Level
2. Settings
2.1 Environment
2.2 Clock Constraints
3. Detailed Reports
3.1 By Hierarchy

1. Summary
----------

+--------------------------+--------------+
| Total On-Chip Power (W)  | 1.774        |
| Design Power Budget (W)  | Unspecified* |
| Power Budget Margin (W)  | NA           |
| Dynamic (W)              | 1.599        |
| Device Static (W)        | 0.175        |
| Effective TJA (C/W)      | 1.8          |
| Max Ambient (C)          | 81.8         |
| Junction Temperature (C) | 28.2         |
| Confidence Level         | Low          |
| Setting File             | ---          |
| Simulation Activity File | ---          |
| Design Nets Matched      | NA           |
+--------------------------+--------------+
* Specify Design Power Budget using, set_operating_conditions -design_power_budget <value in Watts>


1.1 On-Chip Components
----------------------

+--------------------------+-----------+----------+-----------+-----------------+
| On-Chip                  | Power (W) | Used     | Available | Utilization (%) |
+--------------------------+-----------+----------+-----------+-----------------+
| Clocks                   |     0.192 |       37 |       --- |             --- |
| Slice Logic              |     0.114 |   200853 |       --- |             --- |
|   LUT as Logic           |     0.105 |   107158 |    203800 |           52.58 |
|   CARRY4                 |     0.006 |     6639 |     50950 |           13.03 |
|   Register               |     0.002 |    64725 |    407600 |           15.88 |
|   LUT as Distributed RAM |    <0.001 |      928 |     64000 |            1.45 |
|   F7/F8 Muxes            |    <0.001 |     2512 |    203800 |            1.23 |
|   LUT as Shift Register  |    <0.001 |      357 |     64000 |            0.56 |
|   Others                 |    <0.001 |     1191 |       --- |             --- |
|   BUFG                   |    <0.001 |        1 |        32 |            3.13 |
| Signals                  |     0.162 |   162751 |       --- |             --- |
| Block RAM                |     0.033 |       28 |       445 |            6.29 |
| MMCM                     |     0.203 |        2 |        10 |           20.00 |
| PLL                      |     0.092 |        1 |        10 |           10.00 |
| DSPs                     |     0.004 |        4 |       840 |            0.48 |
| I/O                      |     0.529 |       82 |       500 |           16.40 |
| PHASER                   |     0.269 |       28 |       --- |             --- |
| Static Power             |     0.175 |          |           |                 |
| Total                    |     1.774 |          |           |                 |
+--------------------------+-----------+----------+-----------+-----------------+


1.2 Power Supply Summary
------------------------

+-----------+-------------+-----------+-------------+------------+-------------+-------------+------------+
| Source    | Voltage (V) | Total (A) | Dynamic (A) | Static (A) | Powerup (A) | Budget (A)  | Margin (A) |
+-----------+-------------+-----------+-------------+------------+-------------+-------------+------------+
| Vccint    |       1.000 |     0.657 |       0.579 |      0.078 |       NA    | Unspecified | NA         |
| Vccaux    |       1.800 |     0.411 |       0.382 |      0.029 |       NA    | Unspecified | NA         |
| Vcco33    |       3.300 |     0.001 |       0.000 |      0.001 |       NA    | Unspecified | NA         |
| Vcco25    |       2.500 |     0.000 |       0.000 |      0.000 |       NA    | Unspecified | NA         |
| Vcco18    |       1.800 |     0.001 |       0.000 |      0.001 |       NA    | Unspecified | NA         |
| Vcco15    |       1.500 |     0.221 |       0.220 |      0.001 |       NA    | Unspecified | NA         |
| Vcco135   |       1.350 |     0.000 |       0.000 |      0.000 |       NA    | Unspecified | NA         |
| Vcco12    |       1.200 |     0.000 |       0.000 |      0.000 |       NA    | Unspecified | NA         |
| Vccaux_io |       1.800 |     0.000 |       0.000 |      0.000 |       NA    | Unspecified | NA         |
| Vccbram   |       1.000 |     0.004 |       0.002 |      0.002 |       NA    | Unspecified | NA         |
| MGTAVcc   |       1.000 |     0.000 |       0.000 |      0.000 |       NA    | Unspecified | NA         |
| MGTAVtt   |       1.200 |     0.000 |       0.000 |      0.000 |       NA    | Unspecified | NA         |
| MGTVccaux |       1.800 |     0.000 |       0.000 |      0.000 |       NA    | Unspecified | NA         |
| Vccadc    |       1.800 |     0.020 |       0.000 |      0.020 |       NA    | Unspecified | NA         |
+-----------+-------------+-----------+-------------+------------+-------------+-------------+------------+


1.3 Confidence Level
--------------------

+-----------------------------+------------+--------------------------------------------------------+------------------------------------------------------------------------------------------------------------+
| User Input Data             | Confidence | Details                                                | Action                                                                                                     |
+-----------------------------+------------+--------------------------------------------------------+------------------------------------------------------------------------------------------------------------+
| Design implementation state | High       | Design is routed                                       |                                                                                                            |
| Clock nodes activity        | High       | User specified more than 95% of clocks                 |                                                                                                            |
| I/O nodes activity          | Low        | More than 75% of inputs are missing user specification | Provide missing input activity with simulation results or by editing the "By Resource Type -> I/Os" view   |
| Internal nodes activity     | Medium     | User specified less than 25% of internal nodes         | Provide missing internal nodes activity with simulation results or by editing the "By Resource Type" views |
| Device models               | High       | Device models are Production                           |                                                                                                            |
|                             |            |                                                        |                                                                                                            |
| Overall confidence level    | Low        |                                                        |                                                                                                            |
+-----------------------------+------------+--------------------------------------------------------+------------------------------------------------------------------------------------------------------------+


2. Settings
-----------

2.1 Environment
---------------

+-----------------------+--------------------------+
| Ambient Temp (C)      | 25.0                     |
| ThetaJA (C/W)         | 1.8                      |
| Airflow (LFM)         | 250                      |
| Heat Sink             | medium (Medium Profile)  |
| ThetaSA (C/W)         | 3.3                      |
| Board Selection       | medium (10"x10")         |
| # of Board Layers     | 12to15 (12 to 15 Layers) |
| Board Temperature (C) | 25.0                     |
+-----------------------+--------------------------+


2.2 Clock Constraints
---------------------

+-----------------------------------------------------------------------------------------------------------------------------------------------------------+-------------------------------------------------------------------------------------------------------------------------------------------------------------------------------------------------------------------------------------------------------+-----------------+
| Clock                                                                                                                                                     | Domain                                                                                                                                                                                                                                                | Constraint (ns) |
+-----------------------------------------------------------------------------------------------------------------------------------------------------------+-------------------------------------------------------------------------------------------------------------------------------------------------------------------------------------------------------------------------------------------------------+-----------------+
| clk_100000000_xilinx_clock_pll_0                                                                                                                          | i_platform/i_pll0/i_xilinx_clock_pll_0/inst/clk_100000000_xilinx_clock_pll_0                                                                                                                                                                          |            10.0 |
| clk_200000000_xilinx_clock_pll_0                                                                                                                          | i_platform/i_pll0/i_xilinx_clock_pll_0/inst/clk_200000000_xilinx_clock_pll_0                                                                                                                                                                          |             5.0 |
| clk_pll_i                                                                                                                                                 | i_platform/i_system_ddr/u_xilinx_ddr3_ctrl_axi32/u_xilinx_ddr3_ctrl_axi32_mig/u_ddr3_infrastructure/clk_pll_i                                                                                                                                         |            10.0 |
| clkfbout_xilinx_clock_pll_0                                                                                                                               | i_platform/i_pll0/i_xilinx_clock_pll_0/inst/clkfbout_xilinx_clock_pll_0                                                                                                                                                                               |             5.0 |
| external_clk_0                                                                                                                                            | external_clk_0                                                                                                                                                                                                                                        |             5.0 |
| freq_refclk                                                                                                                                               | i_platform/i_system_ddr/u_xilinx_ddr3_ctrl_axi32/u_xilinx_ddr3_ctrl_axi32_mig/u_ddr3_infrastructure/freq_refclk                                                                                                                                       |             1.2 |
| iserdes_clkdiv                                                                                                                                            | i_platform/i_system_ddr/u_xilinx_ddr3_ctrl_axi32/u_xilinx_ddr3_ctrl_axi32_mig/u_memc_ui_top_axi/mem_intfc0/ddr_phy_top0/u_ddr_mc_phy_wrapper/u_ddr_mc_phy/ddr_phy_4lanes_0.u_ddr_phy_4lanes/ddr_byte_lane_A.ddr_byte_lane_A/iserdes_clkdiv            |            10.0 |
| iserdes_clkdiv_1                                                                                                                                          | i_platform/i_system_ddr/u_xilinx_ddr3_ctrl_axi32/u_xilinx_ddr3_ctrl_axi32_mig/u_memc_ui_top_axi/mem_intfc0/ddr_phy_top0/u_ddr_mc_phy_wrapper/u_ddr_mc_phy/ddr_phy_4lanes_0.u_ddr_phy_4lanes/ddr_byte_lane_B.ddr_byte_lane_B/iserdes_clkdiv            |            10.0 |
| iserdes_clkdiv_2                                                                                                                                          | i_platform/i_system_ddr/u_xilinx_ddr3_ctrl_axi32/u_xilinx_ddr3_ctrl_axi32_mig/u_memc_ui_top_axi/mem_intfc0/ddr_phy_top0/u_ddr_mc_phy_wrapper/u_ddr_mc_phy/ddr_phy_4lanes_0.u_ddr_phy_4lanes/ddr_byte_lane_C.ddr_byte_lane_C/iserdes_clkdiv            |            10.0 |
| iserdes_clkdiv_3                                                                                                                                          | i_platform/i_system_ddr/u_xilinx_ddr3_ctrl_axi32/u_xilinx_ddr3_ctrl_axi32_mig/u_memc_ui_top_axi/mem_intfc0/ddr_phy_top0/u_ddr_mc_phy_wrapper/u_ddr_mc_phy/ddr_phy_4lanes_0.u_ddr_phy_4lanes/ddr_byte_lane_D.ddr_byte_lane_D/iserdes_clkdiv            |            10.0 |
| mem_refclk                                                                                                                                                | i_platform/i_system_ddr/u_xilinx_ddr3_ctrl_axi32/u_xilinx_ddr3_ctrl_axi32_mig/u_ddr3_infrastructure/mem_refclk                                                                                                                                        |             2.5 |
| oserdes_clk                                                                                                                                               | i_platform/i_system_ddr/u_xilinx_ddr3_ctrl_axi32/u_xilinx_ddr3_ctrl_axi32_mig/u_memc_ui_top_axi/mem_intfc0/ddr_phy_top0/u_ddr_mc_phy_wrapper/u_ddr_mc_phy/ddr_phy_4lanes_0.u_ddr_phy_4lanes/ddr_byte_lane_A.ddr_byte_lane_A/oserdes_clk               |             2.5 |
| oserdes_clk_1                                                                                                                                             | i_platform/i_system_ddr/u_xilinx_ddr3_ctrl_axi32/u_xilinx_ddr3_ctrl_axi32_mig/u_memc_ui_top_axi/mem_intfc0/ddr_phy_top0/u_ddr_mc_phy_wrapper/u_ddr_mc_phy/ddr_phy_4lanes_0.u_ddr_phy_4lanes/ddr_byte_lane_B.ddr_byte_lane_B/oserdes_clk               |             2.5 |
| oserdes_clk_2                                                                                                                                             | i_platform/i_system_ddr/u_xilinx_ddr3_ctrl_axi32/u_xilinx_ddr3_ctrl_axi32_mig/u_memc_ui_top_axi/mem_intfc0/ddr_phy_top0/u_ddr_mc_phy_wrapper/u_ddr_mc_phy/ddr_phy_4lanes_0.u_ddr_phy_4lanes/ddr_byte_lane_C.ddr_byte_lane_C/oserdes_clk               |             2.5 |
| oserdes_clk_3                                                                                                                                             | i_platform/i_system_ddr/u_xilinx_ddr3_ctrl_axi32/u_xilinx_ddr3_ctrl_axi32_mig/u_memc_ui_top_axi/mem_intfc0/ddr_phy_top0/u_ddr_mc_phy_wrapper/u_ddr_mc_phy/ddr_phy_4lanes_0.u_ddr_phy_4lanes/ddr_byte_lane_D.ddr_byte_lane_D/oserdes_clk               |             2.5 |
| oserdes_clk_4                                                                                                                                             | i_platform/i_system_ddr/u_xilinx_ddr3_ctrl_axi32/u_xilinx_ddr3_ctrl_axi32_mig/u_memc_ui_top_axi/mem_intfc0/ddr_phy_top0/u_ddr_mc_phy_wrapper/u_ddr_mc_phy/ddr_phy_4lanes_1.u_ddr_phy_4lanes/ddr_byte_lane_A.ddr_byte_lane_A/oserdes_clk               |             2.5 |
| oserdes_clk_5                                                                                                                                             | i_platform/i_system_ddr/u_xilinx_ddr3_ctrl_axi32/u_xilinx_ddr3_ctrl_axi32_mig/u_memc_ui_top_axi/mem_intfc0/ddr_phy_top0/u_ddr_mc_phy_wrapper/u_ddr_mc_phy/ddr_phy_4lanes_1.u_ddr_phy_4lanes/ddr_byte_lane_B.ddr_byte_lane_B/oserdes_clk               |             2.5 |
| oserdes_clk_6                                                                                                                                             | i_platform/i_system_ddr/u_xilinx_ddr3_ctrl_axi32/u_xilinx_ddr3_ctrl_axi32_mig/u_memc_ui_top_axi/mem_intfc0/ddr_phy_top0/u_ddr_mc_phy_wrapper/u_ddr_mc_phy/ddr_phy_4lanes_1.u_ddr_phy_4lanes/ddr_byte_lane_C.ddr_byte_lane_C/oserdes_clk               |             2.5 |
| oserdes_clk_7                                                                                                                                             | i_platform/i_system_ddr/u_xilinx_ddr3_ctrl_axi32/u_xilinx_ddr3_ctrl_axi32_mig/u_memc_ui_top_axi/mem_intfc0/ddr_phy_top0/u_ddr_mc_phy_wrapper/u_ddr_mc_phy/ddr_phy_4lanes_1.u_ddr_phy_4lanes/ddr_byte_lane_D.ddr_byte_lane_D/oserdes_clk               |             2.5 |
| oserdes_clkdiv                                                                                                                                            | i_platform/i_system_ddr/u_xilinx_ddr3_ctrl_axi32/u_xilinx_ddr3_ctrl_axi32_mig/u_memc_ui_top_axi/mem_intfc0/ddr_phy_top0/u_ddr_mc_phy_wrapper/u_ddr_mc_phy/ddr_phy_4lanes_0.u_ddr_phy_4lanes/ddr_byte_lane_A.ddr_byte_lane_A/oserdes_clkdiv            |             5.0 |
| oserdes_clkdiv_1                                                                                                                                          | i_platform/i_system_ddr/u_xilinx_ddr3_ctrl_axi32/u_xilinx_ddr3_ctrl_axi32_mig/u_memc_ui_top_axi/mem_intfc0/ddr_phy_top0/u_ddr_mc_phy_wrapper/u_ddr_mc_phy/ddr_phy_4lanes_0.u_ddr_phy_4lanes/ddr_byte_lane_B.ddr_byte_lane_B/oserdes_clkdiv            |             5.0 |
| oserdes_clkdiv_2                                                                                                                                          | i_platform/i_system_ddr/u_xilinx_ddr3_ctrl_axi32/u_xilinx_ddr3_ctrl_axi32_mig/u_memc_ui_top_axi/mem_intfc0/ddr_phy_top0/u_ddr_mc_phy_wrapper/u_ddr_mc_phy/ddr_phy_4lanes_0.u_ddr_phy_4lanes/ddr_byte_lane_C.ddr_byte_lane_C/oserdes_clkdiv            |             5.0 |
| oserdes_clkdiv_3                                                                                                                                          | i_platform/i_system_ddr/u_xilinx_ddr3_ctrl_axi32/u_xilinx_ddr3_ctrl_axi32_mig/u_memc_ui_top_axi/mem_intfc0/ddr_phy_top0/u_ddr_mc_phy_wrapper/u_ddr_mc_phy/ddr_phy_4lanes_0.u_ddr_phy_4lanes/ddr_byte_lane_D.ddr_byte_lane_D/oserdes_clkdiv            |             5.0 |
| oserdes_clkdiv_4                                                                                                                                          | i_platform/i_system_ddr/u_xilinx_ddr3_ctrl_axi32/u_xilinx_ddr3_ctrl_axi32_mig/u_memc_ui_top_axi/mem_intfc0/ddr_phy_top0/u_ddr_mc_phy_wrapper/u_ddr_mc_phy/ddr_phy_4lanes_1.u_ddr_phy_4lanes/ddr_byte_lane_A.ddr_byte_lane_A/oserdes_clkdiv            |            10.0 |
| oserdes_clkdiv_5                                                                                                                                          | i_platform/i_system_ddr/u_xilinx_ddr3_ctrl_axi32/u_xilinx_ddr3_ctrl_axi32_mig/u_memc_ui_top_axi/mem_intfc0/ddr_phy_top0/u_ddr_mc_phy_wrapper/u_ddr_mc_phy/ddr_phy_4lanes_1.u_ddr_phy_4lanes/ddr_byte_lane_B.ddr_byte_lane_B/oserdes_clkdiv            |            10.0 |
| oserdes_clkdiv_6                                                                                                                                          | i_platform/i_system_ddr/u_xilinx_ddr3_ctrl_axi32/u_xilinx_ddr3_ctrl_axi32_mig/u_memc_ui_top_axi/mem_intfc0/ddr_phy_top0/u_ddr_mc_phy_wrapper/u_ddr_mc_phy/ddr_phy_4lanes_1.u_ddr_phy_4lanes/ddr_byte_lane_C.ddr_byte_lane_C/oserdes_clkdiv            |            10.0 |
| oserdes_clkdiv_7                                                                                                                                          | i_platform/i_system_ddr/u_xilinx_ddr3_ctrl_axi32/u_xilinx_ddr3_ctrl_axi32_mig/u_memc_ui_top_axi/mem_intfc0/ddr_phy_top0/u_ddr_mc_phy_wrapper/u_ddr_mc_phy/ddr_phy_4lanes_1.u_ddr_phy_4lanes/ddr_byte_lane_D.ddr_byte_lane_D/oserdes_clkdiv            |            10.0 |
| pjtag_rclk                                                                                                                                                | pjtag_rtck                                                                                                                                                                                                                                            |           100.0 |
| pll_clk3_out                                                                                                                                              | i_platform/i_system_ddr/u_xilinx_ddr3_ctrl_axi32/u_xilinx_ddr3_ctrl_axi32_mig/u_ddr3_infrastructure/pll_clk3_out                                                                                                                                      |            10.0 |
| pll_clkfbout                                                                                                                                              | i_platform/i_system_ddr/u_xilinx_ddr3_ctrl_axi32/u_xilinx_ddr3_ctrl_axi32_mig/u_ddr3_infrastructure/pll_clkfbout                                                                                                                                      |             5.0 |
| sync_pulse                                                                                                                                                | i_platform/i_system_ddr/u_xilinx_ddr3_ctrl_axi32/u_xilinx_ddr3_ctrl_axi32_mig/u_ddr3_infrastructure/sync_pulse                                                                                                                                        |            40.0 |
| u_memc_ui_top_axi/mem_intfc0/ddr_phy_top0/u_ddr_mc_phy_wrapper/u_ddr_mc_phy/ddr_phy_4lanes_0.u_ddr_phy_4lanes/ddr_byte_lane_A.ddr_byte_lane_A/iserdes_clk | i_platform/i_system_ddr/u_xilinx_ddr3_ctrl_axi32/u_xilinx_ddr3_ctrl_axi32_mig/u_memc_ui_top_axi/mem_intfc0/ddr_phy_top0/u_ddr_mc_phy_wrapper/u_ddr_mc_phy/ddr_phy_4lanes_0.u_ddr_phy_4lanes/ddr_byte_lane_A.ddr_byte_lane_A/phaser_in_gen.phaser_in_0 |             2.5 |
| u_memc_ui_top_axi/mem_intfc0/ddr_phy_top0/u_ddr_mc_phy_wrapper/u_ddr_mc_phy/ddr_phy_4lanes_0.u_ddr_phy_4lanes/ddr_byte_lane_B.ddr_byte_lane_B/iserdes_clk | i_platform/i_system_ddr/u_xilinx_ddr3_ctrl_axi32/u_xilinx_ddr3_ctrl_axi32_mig/u_memc_ui_top_axi/mem_intfc0/ddr_phy_top0/u_ddr_mc_phy_wrapper/u_ddr_mc_phy/ddr_phy_4lanes_0.u_ddr_phy_4lanes/ddr_byte_lane_B.ddr_byte_lane_B/phaser_in_gen.phaser_in_0 |             2.5 |
| u_memc_ui_top_axi/mem_intfc0/ddr_phy_top0/u_ddr_mc_phy_wrapper/u_ddr_mc_phy/ddr_phy_4lanes_0.u_ddr_phy_4lanes/ddr_byte_lane_C.ddr_byte_lane_C/iserdes_clk | i_platform/i_system_ddr/u_xilinx_ddr3_ctrl_axi32/u_xilinx_ddr3_ctrl_axi32_mig/u_memc_ui_top_axi/mem_intfc0/ddr_phy_top0/u_ddr_mc_phy_wrapper/u_ddr_mc_phy/ddr_phy_4lanes_0.u_ddr_phy_4lanes/ddr_byte_lane_C.ddr_byte_lane_C/phaser_in_gen.phaser_in_0 |             2.5 |
| u_memc_ui_top_axi/mem_intfc0/ddr_phy_top0/u_ddr_mc_phy_wrapper/u_ddr_mc_phy/ddr_phy_4lanes_0.u_ddr_phy_4lanes/ddr_byte_lane_D.ddr_byte_lane_D/iserdes_clk | i_platform/i_system_ddr/u_xilinx_ddr3_ctrl_axi32/u_xilinx_ddr3_ctrl_axi32_mig/u_memc_ui_top_axi/mem_intfc0/ddr_phy_top0/u_ddr_mc_phy_wrapper/u_ddr_mc_phy/ddr_phy_4lanes_0.u_ddr_phy_4lanes/ddr_byte_lane_D.ddr_byte_lane_D/phaser_in_gen.phaser_in_0 |             2.5 |
+-----------------------------------------------------------------------------------------------------------------------------------------------------------+-------------------------------------------------------------------------------------------------------------------------------------------------------------------------------------------------------------------------------------------------------+-----------------+


3. Detailed Reports
-------------------

3.1 By Hierarchy
----------------

+------------------------------------------------------------------------------+-----------+---------+-----------+------+--------+----------+------------+---------+-----------+--------+----------+-------+---------+------------+--------------+
| Name                                                                         | Power (W) | Clock # | Clock (W) | Io # | Io (W) | Signal # | Signal (W) | Logic # | Logic (W) | Bram # | Bram (W) | Dsp # | Dsp (W) | Clock IP # | Clock IP (W) |
+------------------------------------------------------------------------------+-----------+---------+-----------+------+--------+----------+------------+---------+-----------+--------+----------+-------+---------+------------+--------------+
| STARC_VERA1_FPGA                                                             |     1.599 |      37 |     0.192 |   82 |  0.529 |   162751 |      0.162 |  200853 |     0.114 |     28 |    0.033 |     4 |   0.004 |          3 |        0.295 |
|   i_platform                                                                 |     1.598 |      37 |     0.192 |  246 |  0.529 |   160794 |      0.162 |  200433 |     0.114 |     48 |    0.033 |     4 |   0.004 |          3 |        0.295 |
|     i_pll0                                                                   |     0.117 |      37 |     0.006 |    1 |  0.004 |        0 |      0.000 |       2 |     0.000 |      0 |    0.000 |     0 |   0.000 |          1 |        0.108 |
|       i_xilinx_clock_pll_0                                                   |     0.117 |      37 |     0.006 |    1 |  0.004 |        0 |      0.000 |       2 |     0.000 |      0 |    0.000 |     0 |   0.000 |          1 |        0.108 |
|         inst                                                                 |     0.117 |      37 |     0.006 |    1 |  0.004 |        0 |      0.000 |       2 |     0.000 |      0 |    0.000 |     0 |   0.000 |          1 |        0.108 |
|     i_rtl                                                                    |     0.421 |      37 |     0.150 |    0 |  0.000 |   145451 |      0.138 |  180924 |     0.099 |     16 |    0.031 |     4 |   0.004 |          0 |        0.000 |
|       default_slave                                                          |     0.004 |      37 |     0.003 |    0 |  0.000 |     1654 |     <0.001 |    2127 |    <0.001 |      0 |    0.000 |     0 |   0.000 |          0 |        0.000 |
|         i_munoc_instance_2                                                   |     0.003 |      37 |     0.003 |    0 |  0.000 |     1290 |     <0.001 |    1699 |    <0.001 |      0 |    0.000 |     0 |   0.000 |          0 |        0.000 |
|           i_munoc_instance_4                                                 |     0.002 |      37 |     0.002 |    0 |  0.000 |      631 |     <0.001 |     812 |    <0.001 |      0 |    0.000 |     0 |   0.000 |          0 |        0.000 |
|             i_munoc_instance_1                                               |     0.002 |      37 |     0.002 |    0 |  0.000 |      610 |     <0.001 |     780 |    <0.001 |      0 |    0.000 |     0 |   0.000 |          0 |        0.000 |
|               i_gen_buffer[0].i_munoc_instance_1                             |     0.002 |      37 |     0.002 |    0 |  0.000 |      610 |     <0.001 |     780 |    <0.001 |      0 |    0.000 |     0 |   0.000 |          0 |        0.000 |
|       external_peri_group                                                    |     0.003 |      37 |     0.003 |    0 |  0.000 |     1800 |     <0.001 |    2602 |    <0.001 |      0 |    0.000 |     0 |   0.000 |          0 |        0.000 |
|         i_gen_valid_uart[0].i_uart                                           |     0.002 |      37 |     0.002 |    0 |  0.000 |     1240 |     <0.001 |    1972 |    <0.001 |      0 |    0.000 |     0 |   0.000 |          0 |        0.000 |
|           regs                                                               |     0.002 |      37 |     0.002 |    0 |  0.000 |     1240 |     <0.001 |    1972 |    <0.001 |      0 |    0.000 |     0 |   0.000 |          0 |        0.000 |
|             receiver                                                         |     0.002 |      37 |     0.001 |    0 |  0.000 |      979 |     <0.001 |    1605 |    <0.001 |      0 |    0.000 |     0 |   0.000 |          0 |        0.000 |
|               fifo_rx                                                        |     0.001 |      37 |     0.001 |    0 |  0.000 |      869 |     <0.001 |    1457 |    <0.001 |      0 |    0.000 |     0 |   0.000 |          0 |        0.000 |
|       i_dca_neugemm00                                                        |     0.150 |      37 |     0.035 |    0 |  0.000 |    70423 |      0.065 |   89239 |     0.049 |      0 |    0.000 |     0 |   0.000 |          0 |        0.000 |
|         i_dca_instance_0                                                     |     0.150 |      37 |     0.035 |    0 |  0.000 |    70423 |      0.065 |   89239 |     0.049 |      0 |    0.000 |     0 |   0.000 |          0 |        0.000 |
|           i_dca_instance_01                                                  |     0.001 |      37 |    <0.001 |    0 |  0.000 |      168 |     <0.001 |     178 |    <0.001 |      0 |    0.000 |     0 |   0.000 |          0 |        0.000 |
|             i_dca_instance_0                                                 |     0.001 |      37 |    <0.001 |    0 |  0.000 |      164 |     <0.001 |     172 |    <0.001 |      0 |    0.000 |     0 |   0.000 |          0 |        0.000 |
|           i_dca_instance_02                                                  |     0.011 |      37 |     0.005 |    0 |  0.000 |     2168 |      0.005 |    2168 |    <0.001 |      0 |    0.000 |     0 |   0.000 |          0 |        0.000 |
|             i_dca_instance_0                                                 |     0.011 |      37 |     0.005 |    0 |  0.000 |     2168 |      0.005 |    2168 |    <0.001 |      0 |    0.000 |     0 |   0.000 |          0 |        0.000 |
|           i_dca_instance_03                                                  |     0.003 |      37 |    <0.001 |    0 |  0.000 |       18 |      0.002 |     287 |    <0.001 |      0 |    0.000 |     0 |   0.000 |          0 |        0.000 |
|             i_dca_instance_0                                                 |     0.003 |      37 |    <0.001 |    0 |  0.000 |       11 |      0.002 |     278 |    <0.001 |      0 |    0.000 |     0 |   0.000 |          0 |        0.000 |
|           i_dca_instance_04                                                  |     0.054 |      37 |     0.013 |    0 |  0.000 |    14456 |      0.030 |   14643 |     0.011 |      0 |    0.000 |     0 |   0.000 |          0 |        0.000 |
|             i_dca_instance_4                                                 |     0.005 |      37 |    <0.001 |    0 |  0.000 |      662 |      0.004 |     684 |    <0.001 |      0 |    0.000 |     0 |   0.000 |          0 |        0.000 |
|               i_dca_instance_1                                               |     0.003 |      37 |    <0.001 |    0 |  0.000 |      346 |      0.002 |     347 |    <0.001 |      0 |    0.000 |     0 |   0.000 |          0 |        0.000 |
|               i_dca_instance_2                                               |     0.002 |      37 |    <0.001 |    0 |  0.000 |      287 |      0.001 |     298 |    <0.001 |      0 |    0.000 |     0 |   0.000 |          0 |        0.000 |
|           i_dca_instance_05                                                  |     0.029 |      37 |    <0.001 |    0 |  0.000 |    34224 |      0.008 |   40941 |     0.020 |      0 |    0.000 |     0 |   0.000 |          0 |        0.000 |
|             i_rindexer                                                       |     0.029 |      37 |    <0.001 |    0 |  0.000 |    34067 |      0.008 |   40776 |     0.020 |      0 |    0.000 |     0 |   0.000 |          0 |        0.000 |
|           i_dca_instance_06                                                  |     0.024 |      37 |     0.005 |    0 |  0.000 |    11280 |      0.009 |   18977 |     0.009 |      0 |    0.000 |     0 |   0.000 |          0 |        0.000 |
|             i_dca_instance_0                                                 |     0.024 |      37 |     0.005 |    0 |  0.000 |    11280 |      0.009 |   18977 |     0.009 |      0 |    0.000 |     0 |   0.000 |          0 |        0.000 |
|               i_dca_instance_0                                               |     0.024 |      37 |     0.005 |    0 |  0.000 |    11280 |      0.009 |   18977 |     0.009 |      0 |    0.000 |     0 |   0.000 |          0 |        0.000 |
|           i_dca_instance_08                                                  |     0.004 |      37 |    <0.001 |    0 |  0.000 |      978 |      0.002 |     962 |     0.002 |      0 |    0.000 |     0 |   0.000 |          0 |        0.000 |
|             i_dca_instance_0                                                 |     0.001 |      37 |    <0.001 |    0 |  0.000 |      331 |     <0.001 |     327 |    <0.001 |      0 |    0.000 |     0 |   0.000 |          0 |        0.000 |
|             i_dca_instance_1                                                 |     0.001 |      37 |    <0.001 |    0 |  0.000 |      331 |     <0.001 |     323 |    <0.001 |      0 |    0.000 |     0 |   0.000 |          0 |        0.000 |
|             i_dca_instance_2                                                 |     0.002 |      37 |    <0.001 |    0 |  0.000 |      311 |     <0.001 |     306 |    <0.001 |      0 |    0.000 |     0 |   0.000 |          0 |        0.000 |
|           i_dca_instance_09                                                  |     0.002 |      37 |    <0.001 |    0 |  0.000 |     2304 |     <0.001 |    2705 |     0.001 |      0 |    0.000 |     0 |   0.000 |          0 |        0.000 |
|           i_dca_instance_10                                                  |     0.015 |      37 |     0.005 |    0 |  0.000 |     2080 |      0.006 |    3872 |     0.004 |      0 |    0.000 |     0 |   0.000 |          0 |        0.000 |
|             i_dca_instance_0                                                 |     0.015 |      37 |     0.005 |    0 |  0.000 |     2080 |      0.006 |    3872 |     0.004 |      0 |    0.000 |     0 |   0.000 |          0 |        0.000 |
|               i_dca_instance_0                                               |     0.015 |      37 |     0.005 |    0 |  0.000 |     2080 |      0.006 |    3872 |     0.004 |      0 |    0.000 |     0 |   0.000 |          0 |        0.000 |
|           i_dca_instance_11                                                  |     0.001 |      37 |    <0.001 |    0 |  0.000 |       17 |     <0.001 |     283 |    <0.001 |      0 |    0.000 |     0 |   0.000 |          0 |        0.000 |
|             i_dca_instance_0                                                 |     0.001 |      37 |    <0.001 |    0 |  0.000 |       12 |     <0.001 |     276 |    <0.001 |      0 |    0.000 |     0 |   0.000 |          0 |        0.000 |
|           i_dca_instance_12                                                  |     0.005 |      37 |     0.005 |    0 |  0.000 |     2048 |     <0.001 |    2048 |    <0.001 |      0 |    0.000 |     0 |   0.000 |          0 |        0.000 |
|             i_dca_instance_0                                                 |     0.005 |      37 |     0.005 |    0 |  0.000 |     2048 |     <0.001 |    2048 |    <0.001 |      0 |    0.000 |     0 |   0.000 |          0 |        0.000 |
|       i_dca_neugemm00_control_mmiox1_interface                               |     0.013 |      37 |     0.011 |    0 |  0.000 |     5362 |     <0.001 |    6659 |     0.002 |      0 |    0.000 |     0 |   0.000 |          0 |        0.000 |
|         i_mmiox1_bridge                                                      |     0.013 |      37 |     0.011 |    0 |  0.000 |     5362 |     <0.001 |    6659 |     0.002 |      0 |    0.000 |     0 |   0.000 |          0 |        0.000 |
|           i_inst_fifo                                                        |     0.011 |      37 |     0.010 |    0 |  0.000 |     4936 |     <0.001 |    6106 |     0.001 |      0 |    0.000 |     0 |   0.000 |          0 |        0.000 |
|             i_generate_fifo[9].i_fifo                                        |     0.001 |      37 |    <0.001 |    0 |  0.000 |      120 |     <0.001 |     318 |     0.001 |      0 |    0.000 |     0 |   0.000 |          0 |        0.000 |
|           i_interrupt_request_fifo                                           |     0.001 |      37 |    <0.001 |    0 |  0.000 |      309 |     <0.001 |     415 |    <0.001 |      0 |    0.000 |     0 |   0.000 |          0 |        0.000 |
|       i_dca_neugemm00_ma_mlsu                                                |     0.005 |      37 |     0.003 |    0 |  0.000 |     2957 |     <0.001 |    3664 |    <0.001 |      0 |    0.000 |     0 |   0.000 |          0 |        0.000 |
|         i_dca_instance_0                                                     |     0.005 |      37 |     0.003 |    0 |  0.000 |     2957 |     <0.001 |    3664 |    <0.001 |      0 |    0.000 |     0 |   0.000 |          0 |        0.000 |
|           i_dca_instance_0                                                   |     0.005 |      37 |     0.003 |    0 |  0.000 |     2957 |     <0.001 |    3664 |    <0.001 |      0 |    0.000 |     0 |   0.000 |          0 |        0.000 |
|             i_dca_instance_05                                                |     0.002 |      37 |     0.002 |    0 |  0.000 |     1865 |     <0.001 |    2381 |    <0.001 |      0 |    0.000 |     0 |   0.000 |          0 |        0.000 |
|               i_dca_instance_0                                               |     0.001 |      37 |    <0.001 |    0 |  0.000 |      389 |     <0.001 |     646 |    <0.001 |      0 |    0.000 |     0 |   0.000 |          0 |        0.000 |
|               i_dca_instance_2                                               |     0.001 |      37 |    <0.001 |    0 |  0.000 |     1476 |     <0.001 |    1735 |    <0.001 |      0 |    0.000 |     0 |   0.000 |          0 |        0.000 |
|       i_dca_neugemm00_mb_mlsu                                                |     0.005 |      37 |     0.003 |    0 |  0.000 |     2958 |      0.001 |    3666 |    <0.001 |      0 |    0.000 |     0 |   0.000 |          0 |        0.000 |
|         i_dca_instance_0                                                     |     0.005 |      37 |     0.003 |    0 |  0.000 |     2958 |      0.001 |    3666 |    <0.001 |      0 |    0.000 |     0 |   0.000 |          0 |        0.000 |
|           i_dca_instance_0                                                   |     0.005 |      37 |     0.003 |    0 |  0.000 |     2958 |      0.001 |    3666 |    <0.001 |      0 |    0.000 |     0 |   0.000 |          0 |        0.000 |
|             i_dca_instance_05                                                |     0.003 |      37 |     0.002 |    0 |  0.000 |     1865 |     <0.001 |    2381 |    <0.001 |      0 |    0.000 |     0 |   0.000 |          0 |        0.000 |
|               i_dca_instance_0                                               |     0.001 |      37 |    <0.001 |    0 |  0.000 |      389 |     <0.001 |     646 |    <0.001 |      0 |    0.000 |     0 |   0.000 |          0 |        0.000 |
|               i_dca_instance_2                                               |     0.001 |      37 |    <0.001 |    0 |  0.000 |     1476 |     <0.001 |    1735 |    <0.001 |      0 |    0.000 |     0 |   0.000 |          0 |        0.000 |
|       i_dca_neugemm00_mc_mlsu                                                |     0.019 |      37 |     0.005 |    0 |  0.000 |     6124 |      0.007 |    7404 |     0.006 |      0 |    0.000 |     0 |   0.000 |          0 |        0.000 |
|         i_dca_instance_0                                                     |     0.019 |      37 |     0.005 |    0 |  0.000 |     6124 |      0.007 |    7404 |     0.006 |      0 |    0.000 |     0 |   0.000 |          0 |        0.000 |
|           i_dca_instance_0                                                   |     0.019 |      37 |     0.005 |    0 |  0.000 |     6124 |      0.007 |    7404 |     0.006 |      0 |    0.000 |     0 |   0.000 |          0 |        0.000 |
|             i_dca_instance_01                                                |     0.002 |      37 |    <0.001 |    0 |  0.000 |     1062 |      0.001 |    1100 |    <0.001 |      0 |    0.000 |     0 |   0.000 |          0 |        0.000 |
|               i_dca_instance_0                                               |     0.002 |      37 |    <0.001 |    0 |  0.000 |     1049 |      0.001 |    1086 |    <0.001 |      0 |    0.000 |     0 |   0.000 |          0 |        0.000 |
|                 i_rindexer                                                   |     0.002 |      37 |    <0.001 |    0 |  0.000 |      921 |      0.001 |     952 |    <0.001 |      0 |    0.000 |     0 |   0.000 |          0 |        0.000 |
|             i_dca_instance_04                                                |     0.001 |      37 |    <0.001 |    0 |  0.000 |      403 |     <0.001 |     409 |    <0.001 |      0 |    0.000 |     0 |   0.000 |          0 |        0.000 |
|               i_rindexer                                                     |     0.001 |      37 |    <0.001 |    0 |  0.000 |      363 |     <0.001 |     365 |    <0.001 |      0 |    0.000 |     0 |   0.000 |          0 |        0.000 |
|             i_dca_instance_05                                                |     0.008 |      37 |     0.002 |    0 |  0.000 |     1868 |      0.003 |    2384 |     0.004 |      0 |    0.000 |     0 |   0.000 |          0 |        0.000 |
|               i_dca_instance_0                                               |     0.001 |      37 |    <0.001 |    0 |  0.000 |      389 |     <0.001 |     646 |    <0.001 |      0 |    0.000 |     0 |   0.000 |          0 |        0.000 |
|               i_dca_instance_2                                               |     0.007 |      37 |    <0.001 |    0 |  0.000 |     1479 |      0.003 |    1738 |     0.003 |      0 |    0.000 |     0 |   0.000 |          0 |        0.000 |
|                 i_dca_instance_0                                             |     0.006 |      37 |     0.000 |    0 |  0.000 |     1152 |      0.003 |    1408 |     0.003 |      0 |    0.000 |     0 |   0.000 |          0 |        0.000 |
|                   i_step[3].i_step_shifter                                   |     0.002 |      37 |     0.000 |    0 |  0.000 |      336 |     <0.001 |     336 |    <0.001 |      0 |    0.000 |     0 |   0.000 |          0 |        0.000 |
|                   i_step[4].i_step_shifter                                   |     0.001 |      37 |     0.000 |    0 |  0.000 |      192 |     <0.001 |     192 |    <0.001 |      0 |    0.000 |     0 |   0.000 |          0 |        0.000 |
|                   i_step[5].i_step_shifter                                   |     0.001 |      37 |     0.000 |    0 |  0.000 |      192 |     <0.001 |     192 |    <0.001 |      0 |    0.000 |     0 |   0.000 |          0 |        0.000 |
|             i_dca_instance_09                                                |     0.003 |      37 |     0.001 |    0 |  0.000 |     1114 |      0.001 |    1549 |     0.001 |      0 |    0.000 |     0 |   0.000 |          0 |        0.000 |
|               i_dca_instance_3                                               |     0.001 |      37 |     0.001 |    0 |  0.000 |      589 |     <0.001 |     590 |    <0.001 |      0 |    0.000 |     0 |   0.000 |          0 |        0.000 |
|       i_inter_router_fifo00                                                  |     0.002 |      37 |     0.002 |    0 |  0.000 |      587 |     <0.001 |     873 |    <0.001 |      0 |    0.000 |     0 |   0.000 |          0 |        0.000 |
|         i_munoc_instance_0                                                   |     0.001 |      37 |    <0.001 |    0 |  0.000 |      279 |     <0.001 |     414 |    <0.001 |      0 |    0.000 |     0 |   0.000 |          0 |        0.000 |
|         i_munoc_instance_1                                                   |     0.001 |      37 |    <0.001 |    0 |  0.000 |      308 |     <0.001 |     459 |    <0.001 |      0 |    0.000 |     0 |   0.000 |          0 |        0.000 |
|       i_main_core                                                            |     0.126 |      37 |     0.025 |    0 |  0.000 |    23191 |      0.038 |   28321 |     0.028 |     16 |    0.031 |     4 |   0.004 |          0 |        0.000 |
|         i_rocket                                                             |     0.125 |      37 |     0.024 |    0 |  0.000 |    22567 |      0.038 |   27623 |     0.028 |     16 |    0.031 |     4 |   0.004 |          0 |        0.000 |
|           core                                                               |     0.016 |      37 |     0.004 |    0 |  0.000 |     4968 |      0.006 |    6126 |     0.004 |      0 |    0.000 |     2 |   0.002 |          0 |        0.000 |
|             csr                                                              |     0.006 |      37 |     0.002 |    0 |  0.000 |     2849 |      0.002 |    3590 |     0.002 |      0 |    0.000 |     0 |   0.000 |          0 |        0.000 |
|             div                                                              |     0.006 |      37 |    <0.001 |    0 |  0.000 |      680 |      0.002 |     687 |     0.001 |      0 |    0.000 |     2 |   0.002 |          0 |        0.000 |
|           dcache                                                             |     0.027 |      37 |     0.005 |    0 |  0.000 |     4056 |      0.004 |    4180 |     0.001 |      8 |    0.016 |     0 |   0.000 |          0 |        0.000 |
|             data                                                             |     0.010 |      37 |    <0.001 |    0 |  0.000 |      279 |      0.001 |     153 |    <0.001 |      4 |    0.008 |     0 |   0.000 |          0 |        0.000 |
|               data_arrays_0                                                  |     0.010 |      37 |    <0.001 |    0 |  0.000 |      279 |      0.001 |     153 |    <0.001 |      4 |    0.008 |     0 |   0.000 |          0 |        0.000 |
|                 data_arrays_0_ext                                            |     0.010 |      37 |    <0.001 |    0 |  0.000 |      279 |      0.001 |     153 |    <0.001 |      4 |    0.008 |     0 |   0.000 |          0 |        0.000 |
|             tag_array                                                        |     0.009 |      37 |    <0.001 |    0 |  0.000 |      213 |      0.001 |     187 |    <0.001 |      4 |    0.007 |     0 |   0.000 |          0 |        0.000 |
|               tag_array_ext                                                  |     0.009 |      37 |    <0.001 |    0 |  0.000 |      213 |      0.001 |     187 |    <0.001 |      4 |    0.007 |     0 |   0.000 |          0 |        0.000 |
|           fpuOpt                                                             |     0.041 |      37 |     0.004 |    0 |  0.000 |     5683 |      0.017 |    8101 |     0.017 |      0 |    0.000 |     2 |   0.002 |          0 |        0.000 |
|             divSqrt                                                          |     0.007 |      37 |    <0.001 |    0 |  0.000 |     1207 |      0.002 |    2357 |     0.005 |      0 |    0.000 |     0 |   0.000 |          0 |        0.000 |
|               divSqrtRecFNToRaw                                              |     0.007 |      37 |    <0.001 |    0 |  0.000 |     1161 |      0.002 |    2343 |     0.005 |      0 |    0.000 |     0 |   0.000 |          0 |        0.000 |
|                 divSqrtRawFN_                                                |     0.007 |      37 |    <0.001 |    0 |  0.000 |     1161 |      0.002 |    2343 |     0.005 |      0 |    0.000 |     0 |   0.000 |          0 |        0.000 |
|             fpiu                                                             |     0.002 |      37 |    <0.001 |    0 |  0.000 |      529 |      0.001 |     613 |    <0.001 |      0 |    0.000 |     0 |   0.000 |          0 |        0.000 |
|             fpmu                                                             |     0.003 |      37 |    <0.001 |    0 |  0.000 |      460 |     <0.001 |    1008 |     0.002 |      0 |    0.000 |     0 |   0.000 |          0 |        0.000 |
|             ifpu                                                             |     0.001 |      37 |    <0.001 |    0 |  0.000 |      436 |     <0.001 |     474 |    <0.001 |      0 |    0.000 |     0 |   0.000 |          0 |        0.000 |
|             sfma                                                             |     0.019 |      37 |    <0.001 |    0 |  0.000 |     1555 |      0.008 |    1852 |     0.008 |      0 |    0.000 |     2 |   0.002 |          0 |        0.000 |
|               fma                                                            |     0.017 |      37 |    <0.001 |    0 |  0.000 |     1324 |      0.008 |    1302 |     0.007 |      0 |    0.000 |     2 |   0.002 |          0 |        0.000 |
|                 mulAddRecFNToRaw_postMul                                     |     0.001 |      37 |     0.000 |    0 |  0.000 |      128 |     <0.001 |      87 |    <0.001 |      0 |    0.000 |     0 |   0.000 |          0 |        0.000 |
|                 mulAddRecFNToRaw_preMul                                      |     0.007 |      37 |     0.000 |    0 |  0.000 |      263 |      0.003 |     359 |     0.004 |      0 |    0.000 |     0 |   0.000 |          0 |        0.000 |
|                 roundRawFNToRecFN                                            |     0.001 |      37 |     0.000 |    0 |  0.000 |      245 |     <0.001 |     239 |    <0.001 |      0 |    0.000 |     0 |   0.000 |          0 |        0.000 |
|                   roundAnyRawFNToRecFN                                       |     0.001 |      37 |     0.000 |    0 |  0.000 |      245 |     <0.001 |     239 |    <0.001 |      0 |    0.000 |     0 |   0.000 |          0 |        0.000 |
|           frontend                                                           |     0.035 |      37 |     0.009 |    0 |  0.000 |     6937 |      0.008 |    7885 |     0.004 |      8 |    0.015 |     0 |   0.000 |          0 |        0.000 |
|             btb                                                              |     0.006 |      37 |     0.004 |    0 |  0.000 |     2317 |      0.001 |    2574 |     0.001 |      0 |    0.000 |     0 |   0.000 |          0 |        0.000 |
|             fq                                                               |     0.001 |      37 |     0.001 |    0 |  0.000 |     1120 |     <0.001 |    1479 |    <0.001 |      0 |    0.000 |     0 |   0.000 |          0 |        0.000 |
|             icache                                                           |     0.019 |      37 |    <0.001 |    0 |  0.000 |      948 |      0.002 |    1156 |    <0.001 |      8 |    0.015 |     0 |   0.000 |          0 |        0.000 |
|               data_arrays_0                                                  |     0.010 |      37 |    <0.001 |    0 |  0.000 |      395 |     <0.001 |     303 |    <0.001 |      4 |    0.008 |     0 |   0.000 |          0 |        0.000 |
|                 data_arrays_0_0_ext                                          |     0.010 |      37 |    <0.001 |    0 |  0.000 |      395 |     <0.001 |     303 |    <0.001 |      4 |    0.008 |     0 |   0.000 |          0 |        0.000 |
|               tag_array                                                      |     0.008 |      37 |    <0.001 |    0 |  0.000 |      103 |     <0.001 |      47 |    <0.001 |      4 |    0.007 |     0 |   0.000 |          0 |        0.000 |
|                 tag_array_0_ext                                              |     0.008 |      37 |    <0.001 |    0 |  0.000 |      103 |     <0.001 |      47 |    <0.001 |      4 |    0.007 |     0 |   0.000 |          0 |        0.000 |
|             tlb                                                              |     0.005 |      37 |     0.003 |    0 |  0.000 |     2113 |     <0.001 |    2163 |     0.001 |      0 |    0.000 |     0 |   0.000 |          0 |        0.000 |
|           ptw                                                                |     0.005 |      37 |     0.001 |    0 |  0.000 |      871 |      0.003 |    1268 |     0.001 |      0 |    0.000 |     0 |   0.000 |          0 |        0.000 |
|         i_tl2axi                                                             |     0.001 |      37 |    <0.001 |    0 |  0.000 |      624 |     <0.001 |     698 |    <0.001 |      0 |    0.000 |     0 |   0.000 |          0 |        0.000 |
|           i_tl2axi_forward                                                   |     0.001 |      37 |    <0.001 |    0 |  0.000 |      493 |     <0.001 |     526 |    <0.001 |      0 |    0.000 |     0 |   0.000 |          0 |        0.000 |
|             i_ac_mux                                                         |     0.001 |      37 |    <0.001 |    0 |  0.000 |      473 |     <0.001 |     505 |    <0.001 |      0 |    0.000 |     0 |   0.000 |          0 |        0.000 |
|       i_mnim_i_dca_neugemm00_ma_mlsu_noc_part                                |     0.003 |      37 |     0.002 |    0 |  0.000 |     1215 |     <0.001 |    1344 |    <0.001 |      0 |    0.000 |     0 |   0.000 |          0 |        0.000 |
|         i_munoc_instance_0                                                   |     0.001 |      37 |     0.001 |    0 |  0.000 |      556 |     <0.001 |     578 |    <0.001 |      0 |    0.000 |     0 |   0.000 |          0 |        0.000 |
|           i_burden_handler                                                   |     0.001 |      37 |     0.001 |    0 |  0.000 |      534 |     <0.001 |     547 |    <0.001 |      0 |    0.000 |     0 |   0.000 |          0 |        0.000 |
|             i_reply_buffer                                                   |     0.001 |      37 |    <0.001 |    0 |  0.000 |      529 |     <0.001 |     538 |    <0.001 |      0 |    0.000 |     0 |   0.000 |          0 |        0.000 |
|         i_munoc_instance_1                                                   |     0.002 |      37 |     0.001 |    0 |  0.000 |      659 |     <0.001 |     766 |    <0.001 |      0 |    0.000 |     0 |   0.000 |          0 |        0.000 |
|           i_munoc_instance_0                                                 |     0.002 |      37 |     0.001 |    0 |  0.000 |      659 |     <0.001 |     765 |    <0.001 |      0 |    0.000 |     0 |   0.000 |          0 |        0.000 |
|             i_munoc_instance_11                                              |     0.001 |      37 |    <0.001 |    0 |  0.000 |      469 |     <0.001 |     507 |    <0.001 |      0 |    0.000 |     0 |   0.000 |          0 |        0.000 |
|               i_munoc_instance_2                                             |     0.001 |      37 |    <0.001 |    0 |  0.000 |      414 |     <0.001 |     424 |    <0.001 |      0 |    0.000 |     0 |   0.000 |          0 |        0.000 |
|                 i_gen_buffer[0].i_munoc_instance_1                           |     0.001 |      37 |    <0.001 |    0 |  0.000 |      414 |     <0.001 |     424 |    <0.001 |      0 |    0.000 |     0 |   0.000 |          0 |        0.000 |
|       i_mnim_i_dca_neugemm00_mb_mlsu_noc_part                                |     0.003 |      37 |     0.002 |    0 |  0.000 |     1200 |     <0.001 |    1331 |    <0.001 |      0 |    0.000 |     0 |   0.000 |          0 |        0.000 |
|         i_munoc_instance_0                                                   |     0.001 |      37 |     0.001 |    0 |  0.000 |      418 |     <0.001 |     436 |    <0.001 |      0 |    0.000 |     0 |   0.000 |          0 |        0.000 |
|           i_burden_handler                                                   |     0.001 |      37 |     0.001 |    0 |  0.000 |      401 |     <0.001 |     414 |    <0.001 |      0 |    0.000 |     0 |   0.000 |          0 |        0.000 |
|             i_reply_buffer                                                   |     0.001 |      37 |    <0.001 |    0 |  0.000 |      398 |     <0.001 |     408 |    <0.001 |      0 |    0.000 |     0 |   0.000 |          0 |        0.000 |
|         i_munoc_instance_1                                                   |     0.002 |      37 |     0.001 |    0 |  0.000 |      638 |     <0.001 |     736 |    <0.001 |      0 |    0.000 |     0 |   0.000 |          0 |        0.000 |
|           i_munoc_instance_0                                                 |     0.002 |      37 |     0.001 |    0 |  0.000 |      637 |     <0.001 |     734 |    <0.001 |      0 |    0.000 |     0 |   0.000 |          0 |        0.000 |
|             i_munoc_instance_11                                              |     0.001 |      37 |    <0.001 |    0 |  0.000 |      467 |     <0.001 |     496 |    <0.001 |      0 |    0.000 |     0 |   0.000 |          0 |        0.000 |
|       i_mnim_i_dca_neugemm00_mc_mlsu_noc_part                                |     0.006 |      37 |     0.003 |    0 |  0.000 |     1788 |      0.002 |    2072 |    <0.001 |      0 |    0.000 |     0 |   0.000 |          0 |        0.000 |
|         i_munoc_instance_0                                                   |     0.002 |      37 |     0.001 |    0 |  0.000 |      601 |     <0.001 |     650 |    <0.001 |      0 |    0.000 |     0 |   0.000 |          0 |        0.000 |
|           i_burden_handler                                                   |     0.002 |      37 |     0.001 |    0 |  0.000 |      553 |     <0.001 |     577 |    <0.001 |      0 |    0.000 |     0 |   0.000 |          0 |        0.000 |
|             i_reply_buffer                                                   |     0.002 |      37 |     0.001 |    0 |  0.000 |      532 |     <0.001 |     541 |    <0.001 |      0 |    0.000 |     0 |   0.000 |          0 |        0.000 |
|               i_rindexer                                                     |     0.001 |      37 |    <0.001 |    0 |  0.000 |      136 |     <0.001 |     137 |    <0.001 |      0 |    0.000 |     0 |   0.000 |          0 |        0.000 |
|         i_munoc_instance_1                                                   |     0.004 |      37 |     0.002 |    0 |  0.000 |     1187 |     <0.001 |    1422 |    <0.001 |      0 |    0.000 |     0 |   0.000 |          0 |        0.000 |
|           i_munoc_instance_0                                                 |     0.004 |      37 |     0.002 |    0 |  0.000 |     1187 |     <0.001 |    1422 |    <0.001 |      0 |    0.000 |     0 |   0.000 |          0 |        0.000 |
|             i_munoc_instance_11                                              |     0.002 |      37 |    <0.001 |    0 |  0.000 |      473 |     <0.001 |     499 |    <0.001 |      0 |    0.000 |     0 |   0.000 |          0 |        0.000 |
|               i_munoc_instance_2                                             |     0.001 |      37 |    <0.001 |    0 |  0.000 |      414 |     <0.001 |     423 |    <0.001 |      0 |    0.000 |     0 |   0.000 |          0 |        0.000 |
|                 i_gen_buffer[0].i_munoc_instance_1                           |     0.001 |      37 |    <0.001 |    0 |  0.000 |      414 |     <0.001 |     423 |    <0.001 |      0 |    0.000 |     0 |   0.000 |          0 |        0.000 |
|       i_mnim_i_main_core_no_name                                             |     0.003 |      37 |     0.002 |    0 |  0.000 |     1127 |     <0.001 |    1332 |    <0.001 |      0 |    0.000 |     0 |   0.000 |          0 |        0.000 |
|       i_mnim_platform_controller_master                                      |     0.003 |      37 |     0.003 |    0 |  0.000 |     1245 |     <0.001 |    1533 |    <0.001 |      0 |    0.000 |     0 |   0.000 |          0 |        0.000 |
|         i_munoc_instance_04                                                  |     0.001 |      37 |     0.001 |    0 |  0.000 |      449 |     <0.001 |     610 |    <0.001 |      0 |    0.000 |     0 |   0.000 |          0 |        0.000 |
|       i_snim_common_peri_group_no_name                                       |     0.005 |      37 |     0.004 |    0 |  0.000 |     1989 |     <0.001 |    2510 |    <0.001 |      0 |    0.000 |     0 |   0.000 |          0 |        0.000 |
|         i_munoc_instance_0                                                   |     0.001 |      37 |    <0.001 |    0 |  0.000 |      535 |     <0.001 |     575 |    <0.001 |      0 |    0.000 |     0 |   0.000 |          0 |        0.000 |
|           i_munoc_instance_0                                                 |     0.001 |      37 |    <0.001 |    0 |  0.000 |      535 |     <0.001 |     571 |    <0.001 |      0 |    0.000 |     0 |   0.000 |          0 |        0.000 |
|         i_munoc_instance_1                                                   |     0.004 |      37 |     0.003 |    0 |  0.000 |     1401 |     <0.001 |    1806 |    <0.001 |      0 |    0.000 |     0 |   0.000 |          0 |        0.000 |
|           i_munoc_instance_3                                                 |     0.001 |      37 |    <0.001 |    0 |  0.000 |      368 |     <0.001 |     540 |    <0.001 |      0 |    0.000 |     0 |   0.000 |          0 |        0.000 |
|           i_munoc_instance_4                                                 |     0.002 |      37 |     0.001 |    0 |  0.000 |      618 |     <0.001 |     753 |    <0.001 |      0 |    0.000 |     0 |   0.000 |          0 |        0.000 |
|             i_munoc_instance_1                                               |     0.001 |      37 |     0.001 |    0 |  0.000 |      464 |     <0.001 |     587 |    <0.001 |      0 |    0.000 |     0 |   0.000 |          0 |        0.000 |
|               i_gen_buffer[0].i_munoc_instance_1                             |     0.001 |      37 |     0.001 |    0 |  0.000 |      464 |     <0.001 |     587 |    <0.001 |      0 |    0.000 |     0 |   0.000 |          0 |        0.000 |
|       i_snim_external_peri_group_no_name                                     |     0.006 |      37 |     0.004 |    0 |  0.000 |     2318 |      0.001 |    2841 |    <0.001 |      0 |    0.000 |     0 |   0.000 |          0 |        0.000 |
|         i_munoc_instance_0                                                   |     0.001 |      37 |    <0.001 |    0 |  0.000 |      629 |     <0.001 |     675 |    <0.001 |      0 |    0.000 |     0 |   0.000 |          0 |        0.000 |
|           i_munoc_instance_0                                                 |     0.001 |      37 |    <0.001 |    0 |  0.000 |      629 |     <0.001 |     671 |    <0.001 |      0 |    0.000 |     0 |   0.000 |          0 |        0.000 |
|         i_munoc_instance_1                                                   |     0.005 |      37 |     0.003 |    0 |  0.000 |     1639 |     <0.001 |    2037 |    <0.001 |      0 |    0.000 |     0 |   0.000 |          0 |        0.000 |
|           i_munoc_instance_3                                                 |     0.001 |      37 |    <0.001 |    0 |  0.000 |      368 |     <0.001 |     540 |    <0.001 |      0 |    0.000 |     0 |   0.000 |          0 |        0.000 |
|           i_munoc_instance_4                                                 |     0.002 |      37 |     0.002 |    0 |  0.000 |      835 |     <0.001 |     960 |    <0.001 |      0 |    0.000 |     0 |   0.000 |          0 |        0.000 |
|             i_munoc_instance_1                                               |     0.001 |      37 |     0.001 |    0 |  0.000 |      428 |     <0.001 |     543 |    <0.001 |      0 |    0.000 |     0 |   0.000 |          0 |        0.000 |
|               i_gen_buffer[0].i_munoc_instance_1                             |     0.001 |      37 |     0.001 |    0 |  0.000 |      428 |     <0.001 |     543 |    <0.001 |      0 |    0.000 |     0 |   0.000 |          0 |        0.000 |
|       i_snim_i_dca_neugemm00_control_mmiox1_interface_mmio                   |     0.010 |      37 |     0.004 |    0 |  0.000 |     2162 |      0.005 |    2665 |    <0.001 |      0 |    0.000 |     0 |   0.000 |          0 |        0.000 |
|         i_munoc_instance_0                                                   |     0.002 |      37 |    <0.001 |    0 |  0.000 |      529 |     <0.001 |     574 |    <0.001 |      0 |    0.000 |     0 |   0.000 |          0 |        0.000 |
|           i_munoc_instance_0                                                 |     0.002 |      37 |    <0.001 |    0 |  0.000 |      529 |     <0.001 |     570 |    <0.001 |      0 |    0.000 |     0 |   0.000 |          0 |        0.000 |
|             i_munoc_instance_0                                               |     0.001 |      37 |    <0.001 |    0 |  0.000 |      319 |     <0.001 |     344 |    <0.001 |      0 |    0.000 |     0 |   0.000 |          0 |        0.000 |
|         i_munoc_instance_1                                                   |     0.008 |      37 |     0.003 |    0 |  0.000 |     1583 |      0.004 |    1967 |    <0.001 |      0 |    0.000 |     0 |   0.000 |          0 |        0.000 |
|           i_munoc_instance_2                                                 |     0.004 |      37 |    <0.001 |    0 |  0.000 |      184 |      0.004 |     212 |    <0.001 |      0 |    0.000 |     0 |   0.000 |          0 |        0.000 |
|             i_munoc_instance_0                                               |     0.004 |      37 |    <0.001 |    0 |  0.000 |       75 |      0.004 |      86 |    <0.001 |      0 |    0.000 |     0 |   0.000 |          0 |        0.000 |
|           i_munoc_instance_3                                                 |     0.001 |      37 |    <0.001 |    0 |  0.000 |      368 |     <0.001 |     540 |    <0.001 |      0 |    0.000 |     0 |   0.000 |          0 |        0.000 |
|           i_munoc_instance_4                                                 |     0.002 |      37 |     0.002 |    0 |  0.000 |      802 |     <0.001 |     917 |    <0.001 |      0 |    0.000 |     0 |   0.000 |          0 |        0.000 |
|             i_munoc_instance_1                                               |     0.001 |      37 |    <0.001 |    0 |  0.000 |      394 |     <0.001 |     500 |    <0.001 |      0 |    0.000 |     0 |   0.000 |          0 |        0.000 |
|               i_gen_buffer[0].i_munoc_instance_1                             |     0.001 |      37 |    <0.001 |    0 |  0.000 |      394 |     <0.001 |     500 |    <0.001 |      0 |    0.000 |     0 |   0.000 |          0 |        0.000 |
|       i_snim_i_system_ddr_no_name                                            |     0.008 |      37 |     0.006 |    0 |  0.000 |     3113 |     <0.001 |    3464 |    <0.001 |      0 |    0.000 |     0 |   0.000 |          0 |        0.000 |
|         i_munoc_instance_3                                                   |     0.008 |      37 |     0.006 |    0 |  0.000 |     3113 |     <0.001 |    3458 |    <0.001 |      0 |    0.000 |     0 |   0.000 |          0 |        0.000 |
|           i_munoc_instance_1                                                 |     0.004 |      37 |     0.003 |    0 |  0.000 |     1664 |     <0.001 |    1750 |    <0.001 |      0 |    0.000 |     0 |   0.000 |          0 |        0.000 |
|             i_munoc_instance_0                                               |     0.002 |      37 |     0.001 |    0 |  0.000 |      749 |     <0.001 |     825 |    <0.001 |      0 |    0.000 |     0 |   0.000 |          0 |        0.000 |
|               i_gen_buffer[0].i_munoc_instance_1                             |     0.002 |      37 |     0.001 |    0 |  0.000 |      749 |     <0.001 |     825 |    <0.001 |      0 |    0.000 |     0 |   0.000 |          0 |        0.000 |
|             i_munoc_instance_1                                               |     0.002 |      37 |     0.002 |    0 |  0.000 |      913 |     <0.001 |     917 |    <0.001 |      0 |    0.000 |     0 |   0.000 |          0 |        0.000 |
|               i_gen_buffer[0].i_munoc_instance_1                             |     0.002 |      37 |     0.002 |    0 |  0.000 |      913 |     <0.001 |     917 |    <0.001 |      0 |    0.000 |     0 |   0.000 |          0 |        0.000 |
|           i_munoc_instance_4                                                 |     0.002 |      37 |     0.002 |    0 |  0.000 |      888 |     <0.001 |     907 |    <0.001 |      0 |    0.000 |     0 |   0.000 |          0 |        0.000 |
|       i_snim_i_system_sram_no_name                                           |     0.007 |      37 |     0.006 |    0 |  0.000 |     2922 |      0.001 |    3291 |    <0.001 |      0 |    0.000 |     0 |   0.000 |          0 |        0.000 |
|         i_munoc_instance_3                                                   |     0.007 |      37 |     0.006 |    0 |  0.000 |     2922 |      0.001 |    3285 |    <0.001 |      0 |    0.000 |     0 |   0.000 |          0 |        0.000 |
|           i_munoc_instance_1                                                 |     0.004 |      37 |     0.003 |    0 |  0.000 |     1514 |     <0.001 |    1606 |    <0.001 |      0 |    0.000 |     0 |   0.000 |          0 |        0.000 |
|             i_munoc_instance_0                                               |     0.001 |      37 |     0.001 |    0 |  0.000 |      599 |     <0.001 |     681 |    <0.001 |      0 |    0.000 |     0 |   0.000 |          0 |        0.000 |
|               i_gen_buffer[0].i_munoc_instance_1                             |     0.001 |      37 |     0.001 |    0 |  0.000 |      599 |     <0.001 |     681 |    <0.001 |      0 |    0.000 |     0 |   0.000 |          0 |        0.000 |
|             i_munoc_instance_1                                               |     0.003 |      37 |     0.002 |    0 |  0.000 |      913 |     <0.001 |     917 |    <0.001 |      0 |    0.000 |     0 |   0.000 |          0 |        0.000 |
|               i_gen_buffer[0].i_munoc_instance_1                             |     0.003 |      37 |     0.002 |    0 |  0.000 |      913 |     <0.001 |     917 |    <0.001 |      0 |    0.000 |     0 |   0.000 |          0 |        0.000 |
|           i_munoc_instance_4                                                 |     0.002 |      37 |     0.002 |    0 |  0.000 |      876 |     <0.001 |     895 |    <0.001 |      0 |    0.000 |     0 |   0.000 |          0 |        0.000 |
|       i_snim_platform_controller_no_name                                     |     0.006 |      37 |     0.005 |    0 |  0.000 |     2259 |     <0.001 |    2791 |    <0.001 |      0 |    0.000 |     0 |   0.000 |          0 |        0.000 |
|         i_munoc_instance_0                                                   |     0.001 |      37 |    <0.001 |    0 |  0.000 |      484 |     <0.001 |     526 |    <0.001 |      0 |    0.000 |     0 |   0.000 |          0 |        0.000 |
|           i_munoc_instance_0                                                 |     0.001 |      37 |    <0.001 |    0 |  0.000 |      484 |     <0.001 |     522 |    <0.001 |      0 |    0.000 |     0 |   0.000 |          0 |        0.000 |
|         i_munoc_instance_1                                                   |     0.004 |      37 |     0.004 |    0 |  0.000 |     1722 |     <0.001 |    2131 |    <0.001 |      0 |    0.000 |     0 |   0.000 |          0 |        0.000 |
|           i_munoc_instance_3                                                 |     0.001 |      37 |    <0.001 |    0 |  0.000 |      368 |     <0.001 |     540 |    <0.001 |      0 |    0.000 |     0 |   0.000 |          0 |        0.000 |
|           i_munoc_instance_4                                                 |     0.002 |      37 |     0.002 |    0 |  0.000 |      909 |     <0.001 |    1048 |    <0.001 |      0 |    0.000 |     0 |   0.000 |          0 |        0.000 |
|             i_munoc_instance_1                                               |     0.001 |      37 |     0.001 |    0 |  0.000 |      502 |     <0.001 |     631 |    <0.001 |      0 |    0.000 |     0 |   0.000 |          0 |        0.000 |
|               i_gen_buffer[0].i_munoc_instance_1                             |     0.001 |      37 |     0.001 |    0 |  0.000 |      502 |     <0.001 |     631 |    <0.001 |      0 |    0.000 |     0 |   0.000 |          0 |        0.000 |
|       i_system_router                                                        |     0.005 |      37 |     0.003 |    0 |  0.000 |     1339 |      0.002 |    1390 |    <0.001 |      0 |    0.000 |     0 |   0.000 |          0 |        0.000 |
|         i_munoc_instance_0                                                   |     0.001 |      37 |    <0.001 |    0 |  0.000 |      164 |     <0.001 |     171 |    <0.001 |      0 |    0.000 |     0 |   0.000 |          0 |        0.000 |
|           i_input_port_with_routinhg_info[0].i_munoc_instance_2              |     0.001 |      37 |    <0.001 |    0 |  0.000 |      164 |     <0.001 |     171 |    <0.001 |      0 |    0.000 |     0 |   0.000 |          0 |        0.000 |
|             i_munoc_instance_0                                               |     0.001 |      37 |    <0.001 |    0 |  0.000 |      159 |     <0.001 |     166 |    <0.001 |      0 |    0.000 |     0 |   0.000 |          0 |        0.000 |
|         i_munoc_instance_1                                                   |     0.003 |      37 |     0.002 |    0 |  0.000 |     1175 |     <0.001 |    1219 |    <0.001 |      0 |    0.000 |     0 |   0.000 |          0 |        0.000 |
|       i_user_router                                                          |     0.004 |      37 |     0.002 |    0 |  0.000 |     1660 |      0.001 |    1731 |    <0.001 |      0 |    0.000 |     0 |   0.000 |          0 |        0.000 |
|         i_munoc_instance_0                                                   |     0.002 |      37 |     0.001 |    0 |  0.000 |      832 |     <0.001 |     861 |    <0.001 |      0 |    0.000 |     0 |   0.000 |          0 |        0.000 |
|         i_munoc_instance_1                                                   |     0.002 |      37 |    <0.001 |    0 |  0.000 |      828 |     <0.001 |     870 |    <0.001 |      0 |    0.000 |     0 |   0.000 |          0 |        0.000 |
|       platform_controller                                                    |     0.025 |      37 |     0.012 |    0 |  0.000 |     5673 |      0.008 |    7534 |     0.005 |      0 |    0.000 |     0 |   0.000 |          0 |        0.000 |
|         i_jtag_controller                                                    |     0.024 |      37 |     0.011 |    0 |  0.000 |     5250 |      0.008 |    7008 |     0.005 |      0 |    0.000 |     0 |   0.000 |          0 |        0.000 |
|           i_interface_converter                                              |     0.003 |      37 |    <0.001 |    0 |  0.000 |      255 |      0.002 |     284 |    <0.001 |      0 |    0.000 |     0 |   0.000 |          0 |        0.000 |
|           i_jtag_synch                                                       |     0.021 |      37 |     0.011 |    0 |  0.000 |     4705 |      0.006 |    6336 |     0.005 |      0 |    0.000 |     0 |   0.000 |          0 |        0.000 |
|             i_request_fifo                                                   |     0.012 |      37 |     0.005 |    0 |  0.000 |     2347 |      0.004 |    3145 |     0.003 |      0 |    0.000 |     0 |   0.000 |          0 |        0.000 |
|               i_read_data                                                    |     0.003 |      37 |     0.000 |    0 |  0.000 |      160 |      0.001 |     928 |     0.002 |      0 |    0.000 |     0 |   0.000 |          0 |        0.000 |
|               i_rindexer                                                     |     0.003 |      37 |    <0.001 |    0 |  0.000 |       25 |      0.003 |      34 |    <0.001 |      0 |    0.000 |     0 |   0.000 |          0 |        0.000 |
|             i_response_fifo                                                  |     0.009 |      37 |     0.005 |    0 |  0.000 |     2284 |      0.002 |    3114 |     0.002 |      0 |    0.000 |     0 |   0.000 |          0 |        0.000 |
|               i_read_data                                                    |     0.001 |      37 |     0.000 |    0 |  0.000 |      128 |     <0.001 |     928 |     0.001 |      0 |    0.000 |     0 |   0.000 |          0 |        0.000 |
|               i_rindexer                                                     |     0.002 |      37 |    <0.001 |    0 |  0.000 |       22 |      0.001 |      38 |    <0.001 |      0 |    0.000 |     0 |   0.000 |          0 |        0.000 |
|     i_system_ddr                                                             |     1.055 |      37 |     0.036 |  245 |  0.526 |    14799 |      0.023 |   18935 |     0.015 |      0 |    0.000 |     0 |   0.000 |          2 |        0.187 |
|       u_xilinx_ddr3_ctrl_axi32                                               |     1.055 |      37 |     0.036 |  245 |  0.526 |    14799 |      0.023 |   18935 |     0.015 |      0 |    0.000 |     0 |   0.000 |          2 |        0.187 |
|         u_xilinx_ddr3_ctrl_axi32_mig                                         |     1.055 |      37 |     0.035 |  245 |  0.526 |    14739 |      0.023 |   18845 |     0.014 |      0 |    0.000 |     0 |   0.000 |          2 |        0.187 |
|           u_ddr3_infrastructure                                              |     0.188 |      37 |    <0.001 |    0 |  0.000 |       49 |     <0.001 |      50 |    <0.001 |      0 |    0.000 |     0 |   0.000 |          2 |        0.187 |
|           u_iodelay_ctrl                                                     |     0.003 |      37 |     0.003 |    1 |  0.000 |       17 |      0.000 |      18 |     0.000 |      0 |    0.000 |     0 |   0.000 |          0 |        0.000 |
|           u_memc_ui_top_axi                                                  |     0.863 |      37 |     0.031 |  244 |  0.526 |    14590 |      0.023 |   18671 |     0.014 |      0 |    0.000 |     0 |   0.000 |          0 |        0.000 |
|             mem_intfc0                                                       |     0.840 |      37 |     0.017 |  244 |  0.526 |     8961 |      0.017 |   10732 |     0.012 |      0 |    0.000 |     0 |   0.000 |          0 |        0.000 |
|               ddr_phy_top0                                                   |     0.833 |      37 |     0.015 |  244 |  0.526 |     7981 |      0.014 |    9403 |     0.010 |      0 |    0.000 |     0 |   0.000 |          0 |        0.000 |
|                 u_ddr_calib_top                                              |     0.026 |      37 |     0.008 |    0 |  0.000 |     5287 |      0.010 |    6858 |     0.008 |      0 |    0.000 |     0 |   0.000 |          0 |        0.000 |
|                   ddr_phy_prbs_rdlvl_gen.u_ddr_phy_prbs_rdlvl                |     0.003 |      37 |     0.001 |    0 |  0.000 |      491 |     <0.001 |     562 |    <0.001 |      0 |    0.000 |     0 |   0.000 |          0 |        0.000 |
|                   ddr_phy_rdlvl_gen.u_ddr_phy_rdlvl                          |     0.006 |      37 |     0.003 |    0 |  0.000 |     1192 |      0.002 |    1630 |     0.001 |      0 |    0.000 |     0 |   0.000 |          0 |        0.000 |
|                   dqsfind_calib_right.u_ddr_phy_dqs_found_cal                |     0.001 |      37 |    <0.001 |    0 |  0.000 |      269 |     <0.001 |     365 |    <0.001 |      0 |    0.000 |     0 |   0.000 |          0 |        0.000 |
|                   mb_wrlvl_inst.u_ddr_phy_wrlvl                              |     0.003 |      37 |    <0.001 |    0 |  0.000 |      548 |     <0.001 |     697 |     0.001 |      0 |    0.000 |     0 |   0.000 |          0 |        0.000 |
|                   u_ddr_phy_init                                             |     0.009 |      37 |     0.001 |    0 |  0.000 |     1808 |      0.004 |    2052 |     0.003 |      0 |    0.000 |     0 |   0.000 |          0 |        0.000 |
|                   u_ddr_phy_wrcal                                            |     0.002 |      37 |    <0.001 |    0 |  0.000 |      393 |     <0.001 |     507 |    <0.001 |      0 |    0.000 |     0 |   0.000 |          0 |        0.000 |
|                 u_ddr_mc_phy_wrapper                                         |     0.807 |      37 |     0.007 |  244 |  0.526 |     2694 |      0.004 |    2545 |     0.002 |      0 |    0.000 |     0 |   0.000 |          0 |        0.000 |
|                   gen_dq_iobuf_HP.gen_dq_iobuf[0].u_iobuf_dq                 |     0.008 |      37 |     0.000 |    2 |  0.008 |        1 |      0.000 |       0 |     0.000 |      0 |    0.000 |     0 |   0.000 |          0 |        0.000 |
|                   gen_dq_iobuf_HP.gen_dq_iobuf[10].u_iobuf_dq                |     0.009 |      37 |     0.000 |    2 |  0.009 |        1 |      0.000 |       0 |     0.000 |      0 |    0.000 |     0 |   0.000 |          0 |        0.000 |
|                   gen_dq_iobuf_HP.gen_dq_iobuf[11].u_iobuf_dq                |     0.008 |      37 |     0.000 |    2 |  0.008 |        1 |      0.000 |       0 |     0.000 |      0 |    0.000 |     0 |   0.000 |          0 |        0.000 |
|                   gen_dq_iobuf_HP.gen_dq_iobuf[12].u_iobuf_dq                |     0.008 |      37 |     0.000 |    2 |  0.008 |        1 |      0.000 |       0 |     0.000 |      0 |    0.000 |     0 |   0.000 |          0 |        0.000 |
|                   gen_dq_iobuf_HP.gen_dq_iobuf[13].u_iobuf_dq                |     0.008 |      37 |     0.000 |    2 |  0.008 |        1 |      0.000 |       0 |     0.000 |      0 |    0.000 |     0 |   0.000 |          0 |        0.000 |
|                   gen_dq_iobuf_HP.gen_dq_iobuf[14].u_iobuf_dq                |     0.008 |      37 |     0.000 |    2 |  0.008 |        1 |      0.000 |       0 |     0.000 |      0 |    0.000 |     0 |   0.000 |          0 |        0.000 |
|                   gen_dq_iobuf_HP.gen_dq_iobuf[15].u_iobuf_dq                |     0.008 |      37 |     0.000 |    2 |  0.008 |        1 |      0.000 |       0 |     0.000 |      0 |    0.000 |     0 |   0.000 |          0 |        0.000 |
|                   gen_dq_iobuf_HP.gen_dq_iobuf[16].u_iobuf_dq                |     0.008 |      37 |     0.000 |    2 |  0.008 |        1 |      0.000 |       0 |     0.000 |      0 |    0.000 |     0 |   0.000 |          0 |        0.000 |
|                   gen_dq_iobuf_HP.gen_dq_iobuf[17].u_iobuf_dq                |     0.008 |      37 |     0.000 |    2 |  0.008 |        1 |      0.000 |       0 |     0.000 |      0 |    0.000 |     0 |   0.000 |          0 |        0.000 |
|                   gen_dq_iobuf_HP.gen_dq_iobuf[18].u_iobuf_dq                |     0.008 |      37 |     0.000 |    2 |  0.008 |        1 |      0.000 |       0 |     0.000 |      0 |    0.000 |     0 |   0.000 |          0 |        0.000 |
|                   gen_dq_iobuf_HP.gen_dq_iobuf[19].u_iobuf_dq                |     0.008 |      37 |     0.000 |    2 |  0.008 |        1 |      0.000 |       0 |     0.000 |      0 |    0.000 |     0 |   0.000 |          0 |        0.000 |
|                   gen_dq_iobuf_HP.gen_dq_iobuf[1].u_iobuf_dq                 |     0.008 |      37 |     0.000 |    2 |  0.008 |        1 |      0.000 |       0 |     0.000 |      0 |    0.000 |     0 |   0.000 |          0 |        0.000 |
|                   gen_dq_iobuf_HP.gen_dq_iobuf[20].u_iobuf_dq                |     0.008 |      37 |     0.000 |    2 |  0.008 |        1 |      0.000 |       0 |     0.000 |      0 |    0.000 |     0 |   0.000 |          0 |        0.000 |
|                   gen_dq_iobuf_HP.gen_dq_iobuf[21].u_iobuf_dq                |     0.008 |      37 |     0.000 |    2 |  0.008 |        1 |      0.000 |       0 |     0.000 |      0 |    0.000 |     0 |   0.000 |          0 |        0.000 |
|                   gen_dq_iobuf_HP.gen_dq_iobuf[22].u_iobuf_dq                |     0.008 |      37 |     0.000 |    2 |  0.008 |        1 |      0.000 |       0 |     0.000 |      0 |    0.000 |     0 |   0.000 |          0 |        0.000 |
|                   gen_dq_iobuf_HP.gen_dq_iobuf[23].u_iobuf_dq                |     0.008 |      37 |     0.000 |    2 |  0.008 |        1 |      0.000 |       0 |     0.000 |      0 |    0.000 |     0 |   0.000 |          0 |        0.000 |
|                   gen_dq_iobuf_HP.gen_dq_iobuf[24].u_iobuf_dq                |     0.008 |      37 |     0.000 |    2 |  0.008 |        1 |      0.000 |       0 |     0.000 |      0 |    0.000 |     0 |   0.000 |          0 |        0.000 |
|                   gen_dq_iobuf_HP.gen_dq_iobuf[25].u_iobuf_dq                |     0.008 |      37 |     0.000 |    2 |  0.008 |        1 |      0.000 |       0 |     0.000 |      0 |    0.000 |     0 |   0.000 |          0 |        0.000 |
|                   gen_dq_iobuf_HP.gen_dq_iobuf[26].u_iobuf_dq                |     0.008 |      37 |     0.000 |    2 |  0.008 |        1 |      0.000 |       0 |     0.000 |      0 |    0.000 |     0 |   0.000 |          0 |        0.000 |
|                   gen_dq_iobuf_HP.gen_dq_iobuf[27].u_iobuf_dq                |     0.008 |      37 |     0.000 |    2 |  0.008 |        1 |      0.000 |       0 |     0.000 |      0 |    0.000 |     0 |   0.000 |          0 |        0.000 |
|                   gen_dq_iobuf_HP.gen_dq_iobuf[28].u_iobuf_dq                |     0.008 |      37 |     0.000 |    2 |  0.008 |        1 |      0.000 |       0 |     0.000 |      0 |    0.000 |     0 |   0.000 |          0 |        0.000 |
|                   gen_dq_iobuf_HP.gen_dq_iobuf[29].u_iobuf_dq                |     0.008 |      37 |     0.000 |    2 |  0.008 |        1 |      0.000 |       0 |     0.000 |      0 |    0.000 |     0 |   0.000 |          0 |        0.000 |
|                   gen_dq_iobuf_HP.gen_dq_iobuf[2].u_iobuf_dq                 |     0.008 |      37 |     0.000 |    2 |  0.008 |        1 |      0.000 |       0 |     0.000 |      0 |    0.000 |     0 |   0.000 |          0 |        0.000 |
|                   gen_dq_iobuf_HP.gen_dq_iobuf[30].u_iobuf_dq                |     0.009 |      37 |     0.000 |    2 |  0.009 |        1 |      0.000 |       0 |     0.000 |      0 |    0.000 |     0 |   0.000 |          0 |        0.000 |
|                   gen_dq_iobuf_HP.gen_dq_iobuf[31].u_iobuf_dq                |     0.008 |      37 |     0.000 |    2 |  0.008 |        1 |      0.000 |       0 |     0.000 |      0 |    0.000 |     0 |   0.000 |          0 |        0.000 |
|                   gen_dq_iobuf_HP.gen_dq_iobuf[3].u_iobuf_dq                 |     0.008 |      37 |     0.000 |    2 |  0.008 |        1 |      0.000 |       0 |     0.000 |      0 |    0.000 |     0 |   0.000 |          0 |        0.000 |
|                   gen_dq_iobuf_HP.gen_dq_iobuf[4].u_iobuf_dq                 |     0.008 |      37 |     0.000 |    2 |  0.008 |        1 |      0.000 |       0 |     0.000 |      0 |    0.000 |     0 |   0.000 |          0 |        0.000 |
|                   gen_dq_iobuf_HP.gen_dq_iobuf[5].u_iobuf_dq                 |     0.008 |      37 |     0.000 |    2 |  0.008 |        1 |      0.000 |       0 |     0.000 |      0 |    0.000 |     0 |   0.000 |          0 |        0.000 |
|                   gen_dq_iobuf_HP.gen_dq_iobuf[6].u_iobuf_dq                 |     0.008 |      37 |     0.000 |    2 |  0.008 |        1 |      0.000 |       0 |     0.000 |      0 |    0.000 |     0 |   0.000 |          0 |        0.000 |
|                   gen_dq_iobuf_HP.gen_dq_iobuf[7].u_iobuf_dq                 |     0.009 |      37 |     0.000 |    2 |  0.009 |        1 |      0.000 |       0 |     0.000 |      0 |    0.000 |     0 |   0.000 |          0 |        0.000 |
|                   gen_dq_iobuf_HP.gen_dq_iobuf[8].u_iobuf_dq                 |     0.008 |      37 |     0.000 |    2 |  0.008 |        1 |      0.000 |       0 |     0.000 |      0 |    0.000 |     0 |   0.000 |          0 |        0.000 |
|                   gen_dq_iobuf_HP.gen_dq_iobuf[9].u_iobuf_dq                 |     0.008 |      37 |     0.000 |    2 |  0.008 |        1 |      0.000 |       0 |     0.000 |      0 |    0.000 |     0 |   0.000 |          0 |        0.000 |
|                   gen_dqs_iobuf_HP.gen_dqs_iobuf[0].gen_dqs_diff.u_iobuf_dqs |     0.016 |      37 |     0.000 |    4 |  0.016 |        3 |     <0.001 |       1 |     0.000 |      0 |    0.000 |     0 |   0.000 |          0 |        0.000 |
|                   gen_dqs_iobuf_HP.gen_dqs_iobuf[1].gen_dqs_diff.u_iobuf_dqs |     0.016 |      37 |     0.000 |    4 |  0.016 |        3 |     <0.001 |       1 |     0.000 |      0 |    0.000 |     0 |   0.000 |          0 |        0.000 |
|                   gen_dqs_iobuf_HP.gen_dqs_iobuf[2].gen_dqs_diff.u_iobuf_dqs |     0.016 |      37 |     0.000 |    4 |  0.016 |        3 |     <0.001 |       1 |     0.000 |      0 |    0.000 |     0 |   0.000 |          0 |        0.000 |
|                   gen_dqs_iobuf_HP.gen_dqs_iobuf[3].gen_dqs_diff.u_iobuf_dqs |     0.016 |      37 |     0.000 |    4 |  0.016 |        3 |     <0.001 |       1 |     0.000 |      0 |    0.000 |     0 |   0.000 |          0 |        0.000 |
|                   u_ddr_mc_phy                                               |     0.413 |      37 |     0.007 |  135 |  0.132 |     2614 |      0.004 |    2502 |     0.002 |      0 |    0.000 |     0 |   0.000 |          0 |        0.000 |
|               mc0                                                            |     0.007 |      37 |     0.002 |    0 |  0.000 |      980 |      0.003 |    1329 |     0.002 |      0 |    0.000 |     0 |   0.000 |          0 |        0.000 |
|                 bank_mach0                                                   |     0.004 |      37 |     0.001 |    0 |  0.000 |      673 |      0.001 |     896 |     0.001 |      0 |    0.000 |     0 |   0.000 |          0 |        0.000 |
|             u_axi_mc                                                         |     0.014 |      37 |     0.009 |    0 |  0.000 |     4026 |      0.003 |    5776 |     0.002 |      0 |    0.000 |     0 |   0.000 |          0 |        0.000 |
|               USE_UPSIZER.upsizer_d2                                         |     0.009 |      37 |     0.006 |    0 |  0.000 |     2248 |      0.002 |    3746 |    <0.001 |      0 |    0.000 |     0 |   0.000 |          0 |        0.000 |
|                 USE_READ.read_data_inst                                      |     0.002 |      37 |    <0.001 |    0 |  0.000 |      349 |     <0.001 |     503 |    <0.001 |      0 |    0.000 |     0 |   0.000 |          0 |        0.000 |
|                 USE_WRITE.write_data_inst                                    |     0.002 |      37 |     0.002 |    0 |  0.000 |      683 |     <0.001 |    1349 |    <0.001 |      0 |    0.000 |     0 |   0.000 |          0 |        0.000 |
|                 mi_register_slice_inst                                       |     0.002 |      37 |     0.002 |    0 |  0.000 |      556 |     <0.001 |     921 |    <0.001 |      0 |    0.000 |     0 |   0.000 |          0 |        0.000 |
|                   r_pipe                                                     |     0.002 |      37 |     0.002 |    0 |  0.000 |      554 |     <0.001 |     917 |    <0.001 |      0 |    0.000 |     0 |   0.000 |          0 |        0.000 |
|               axi_mc_r_channel_0                                             |     0.001 |      37 |    <0.001 |    0 |  0.000 |      315 |     <0.001 |     343 |    <0.001 |      0 |    0.000 |     0 |   0.000 |          0 |        0.000 |
|                 rd_data_fifo_0                                               |     0.001 |      37 |    <0.001 |    0 |  0.000 |      277 |     <0.001 |     289 |    <0.001 |      0 |    0.000 |     0 |   0.000 |          0 |        0.000 |
|               axi_mc_w_channel_0                                             |     0.003 |      37 |     0.002 |    0 |  0.000 |     1014 |     <0.001 |    1164 |    <0.001 |      0 |    0.000 |     0 |   0.000 |          0 |        0.000 |
|             u_ui_top                                                         |     0.009 |      37 |     0.005 |    0 |  0.000 |     1601 |      0.003 |    2159 |     0.001 |      0 |    0.000 |     0 |   0.000 |          0 |        0.000 |
|               ui_rd_data0                                                    |     0.004 |      37 |     0.002 |    0 |  0.000 |      574 |      0.001 |     686 |    <0.001 |      0 |    0.000 |     0 |   0.000 |          0 |        0.000 |
|               ui_wr_data0                                                    |     0.005 |      37 |     0.003 |    0 |  0.000 |      932 |     <0.001 |    1358 |    <0.001 |      0 |    0.000 |     0 |   0.000 |          0 |        0.000 |
|     i_system_sram                                                            |     0.004 |      37 |     0.001 |    0 |  0.000 |      544 |     <0.001 |     572 |    <0.001 |     32 |    0.002 |     0 |   0.000 |          0 |        0.000 |
|       generate_cell[0].i_cell                                                |     0.002 |      37 |    <0.001 |    0 |  0.000 |       32 |     <0.001 |       3 |     0.000 |     32 |    0.002 |     0 |   0.000 |          0 |        0.000 |
|       i_controller                                                           |     0.002 |      37 |     0.001 |    0 |  0.000 |      512 |     <0.001 |     569 |    <0.001 |      0 |    0.000 |     0 |   0.000 |          0 |        0.000 |
|         i_axi2scell                                                          |     0.002 |      37 |     0.001 |    0 |  0.000 |      512 |     <0.001 |     569 |    <0.001 |      0 |    0.000 |     0 |   0.000 |          0 |        0.000 |
|           i_axi2lpixm                                                        |     0.001 |      37 |    <0.001 |    0 |  0.000 |      175 |     <0.001 |     187 |    <0.001 |      0 |    0.000 |     0 |   0.000 |          0 |        0.000 |
|             i_reply_buffer                                                   |     0.001 |      37 |    <0.001 |    0 |  0.000 |      171 |     <0.001 |     179 |    <0.001 |      0 |    0.000 |     0 |   0.000 |          0 |        0.000 |
+------------------------------------------------------------------------------+-----------+---------+-----------+------+--------+----------+------------+---------+-----------+--------+----------+-------+---------+------------+--------------+


